// Jest Snapshot v1, https://goo.gl/fbAQLP

exports[`Pokemon Component component rendering | snapshot 1`] = `
<div
  className="sc-gsnTZi jaKMxp"
>
  <div
    className="pokemonName"
  >
    Pikachu
  </div>
  <div
    className="pokemonId"
  >
    #
    1
  </div>
  <div
    className="img"
  >
    <img
      alt="Pikachu"
      src="https://cdn.traction.one/pokedex/pokemon/1.png"
    />
  </div>
  <div
    className="pokemonType"
  >
    Electric
  </div>
</div>
`;
