// Jest Snapshot v1, https://goo.gl/fbAQLP

exports[`Header Component component rendering | snapshot 1`] = `
<div
  className="sc-bczRLJ xgqim"
>
  <header
    className="sc-gsnTZi dgMtgR"
  >
    <a
      href="/pokedex/trainers"
      onClick={[Function]}
    >
      <img
        alt="logo pokedex"
        className="logo"
        src={Object {}}
      />
    </a>
    <nav
      className="sc-dkzDqf dwhkCq"
    >
      <a
        href="/pokedex/"
        onClick={[Function]}
      >
        Home
      </a>
      <a
        href="/pokedex/favorites"
        onClick={[Function]}
      >
        Menu.fav
      </a>
    </nav>
    <a
      href="/pokedex/favorites"
      onClick={[Function]}
    >
      <img
        alt="pokebola"
        className="pokebola"
        src={Object {}}
      />
    </a>
  </header>
</div>
`;
